\BOOKMARK [0][-]{chapter.1}{\376\377\0001\000\040\000H\000i\000e\000r\000a\000r\000c\000h\000i\000c\000a\000l\000\040\000I\000n\000d\000e\000x}{}% 1
\BOOKMARK [1][-]{section.1.1}{\376\377\0001\000.\0001\000\040\000C\000l\000a\000s\000s\000\040\000H\000i\000e\000r\000a\000r\000c\000h\000y}{chapter.1}% 2
\BOOKMARK [0][-]{chapter.2}{\376\377\0002\000\040\000C\000l\000a\000s\000s\000\040\000I\000n\000d\000e\000x}{}% 3
\BOOKMARK [1][-]{section.2.1}{\376\377\0002\000.\0001\000\040\000C\000l\000a\000s\000s\000\040\000L\000i\000s\000t}{chapter.2}% 4
\BOOKMARK [0][-]{chapter.3}{\376\377\0003\000\040\000F\000i\000l\000e\000\040\000I\000n\000d\000e\000x}{}% 5
\BOOKMARK [1][-]{section.3.1}{\376\377\0003\000.\0001\000\040\000F\000i\000l\000e\000\040\000L\000i\000s\000t}{chapter.3}% 6
\BOOKMARK [0][-]{chapter.4}{\376\377\0004\000\040\000C\000l\000a\000s\000s\000\040\000D\000o\000c\000u\000m\000e\000n\000t\000a\000t\000i\000o\000n}{}% 7
\BOOKMARK [1][-]{section.4.1}{\376\377\0004\000.\0001\000\040\000S\000k\000i\000r\000s\000t\000y\000m\000o\000r\000e\000z\000u\000l\000t\000a\000t\000a\000s\000\040\000S\000t\000r\000u\000c\000t\000\040\000R\000e\000f\000e\000r\000e\000n\000c\000e}{chapter.4}% 8
\BOOKMARK [2][-]{subsection.4.1.1}{\376\377\0004\000.\0001\000.\0001\000\040\000D\000e\000t\000a\000i\000l\000e\000d\000\040\000D\000e\000s\000c\000r\000i\000p\000t\000i\000o\000n}{section.4.1}% 9
\BOOKMARK [2][-]{subsection.4.1.2}{\376\377\0004\000.\0001\000.\0002\000\040\000M\000e\000m\000b\000e\000r\000\040\000D\000a\000t\000a\000\040\000D\000o\000c\000u\000m\000e\000n\000t\000a\000t\000i\000o\000n}{section.4.1}% 10
\BOOKMARK [3][-]{subsubsection.4.1.2.1}{\376\377\0004\000.\0001\000.\0002\000.\0001\000\040\000p\000r\000o\000t\000a\000i}{subsection.4.1.2}% 11
\BOOKMARK [3][-]{subsubsection.4.1.2.2}{\376\377\0004\000.\0001\000.\0002\000.\0002\000\040\000v\000a\000r\000g\000s\000i\000u\000k\000a\000i}{subsection.4.1.2}% 12
\BOOKMARK [1][-]{section.4.2}{\376\377\0004\000.\0002\000\040\000S\000t\000u\000d\000e\000n\000t\000a\000s\000\040\000C\000l\000a\000s\000s\000\040\000R\000e\000f\000e\000r\000e\000n\000c\000e}{chapter.4}% 13
\BOOKMARK [2][-]{subsection.4.2.1}{\376\377\0004\000.\0002\000.\0001\000\040\000D\000e\000t\000a\000i\000l\000e\000d\000\040\000D\000e\000s\000c\000r\000i\000p\000t\000i\000o\000n}{section.4.2}% 14
\BOOKMARK [2][-]{subsection.4.2.2}{\376\377\0004\000.\0002\000.\0002\000\040\000C\000o\000n\000s\000t\000r\000u\000c\000t\000o\000r\000\040\000\046\000\040\000D\000e\000s\000t\000r\000u\000c\000t\000o\000r\000\040\000D\000o\000c\000u\000m\000e\000n\000t\000a\000t\000i\000o\000n}{section.4.2}% 15
\BOOKMARK [3][-]{subsubsection.4.2.2.1}{\376\377\0004\000.\0002\000.\0002\000.\0001\000\040\000S\000t\000u\000d\000e\000n\000t\000a\000s\000\050\000\051\000\040\000[\0001\000/\0004\000]}{subsection.4.2.2}% 16
\BOOKMARK [3][-]{subsubsection.4.2.2.2}{\376\377\0004\000.\0002\000.\0002\000.\0002\000\040\000S\000t\000u\000d\000e\000n\000t\000a\000s\000\050\000\051\000\040\000[\0002\000/\0004\000]}{subsection.4.2.2}% 17
\BOOKMARK [3][-]{subsubsection.4.2.2.3}{\376\377\0004\000.\0002\000.\0002\000.\0003\000\040\000S\000t\000u\000d\000e\000n\000t\000a\000s\000\050\000\051\000\040\000[\0003\000/\0004\000]}{subsection.4.2.2}% 18
\BOOKMARK [3][-]{subsubsection.4.2.2.4}{\376\377\0004\000.\0002\000.\0002\000.\0004\000\040\000S\000t\000u\000d\000e\000n\000t\000a\000s\000\050\000\051\000\040\000[\0004\000/\0004\000]}{subsection.4.2.2}% 19
\BOOKMARK [3][-]{subsubsection.4.2.2.5}{\376\377\0004\000.\0002\000.\0002\000.\0005\000\040\000~\000S\000t\000u\000d\000e\000n\000t\000a\000s\000\050\000\051}{subsection.4.2.2}% 20
\BOOKMARK [2][-]{subsection.4.2.3}{\376\377\0004\000.\0002\000.\0003\000\040\000M\000e\000m\000b\000e\000r\000\040\000F\000u\000n\000c\000t\000i\000o\000n\000\040\000D\000o\000c\000u\000m\000e\000n\000t\000a\000t\000i\000o\000n}{section.4.2}% 21
\BOOKMARK [3][-]{subsubsection.4.2.3.1}{\376\377\0004\000.\0002\000.\0003\000.\0001\000\040\000g\000e\000t\000E\000g\000z\000a\000m\000i\000n\000a\000s\000\050\000\051}{subsection.4.2.3}% 22
\BOOKMARK [3][-]{subsubsection.4.2.3.2}{\376\377\0004\000.\0002\000.\0003\000.\0002\000\040\000g\000e\000t\000g\000a\000l\000r\000e\000z\000M\000e\000d\000\050\000\051}{subsection.4.2.3}% 23
\BOOKMARK [3][-]{subsubsection.4.2.3.3}{\376\377\0004\000.\0002\000.\0003\000.\0003\000\040\000g\000e\000t\000g\000a\000l\000r\000e\000z\000V\000i\000d\000\050\000\051}{subsection.4.2.3}% 24
\BOOKMARK [3][-]{subsubsection.4.2.3.4}{\376\377\0004\000.\0002\000.\0003\000.\0004\000\040\000g\000e\000t\000N\000D\000\050\000\051}{subsection.4.2.3}% 25
\BOOKMARK [3][-]{subsubsection.4.2.3.5}{\376\377\0004\000.\0002\000.\0003\000.\0005\000\040\000g\000e\000t\000V\000i\000d\000u\000r\000k\000i\000s\000\050\000\051}{subsection.4.2.3}% 26
\BOOKMARK [3][-]{subsubsection.4.2.3.6}{\376\377\0004\000.\0002\000.\0003\000.\0006\000\040\000o\000p\000e\000r\000a\000t\000o\000r\000=\000\050\000\051\000\040\000[\0001\000/\0002\000]}{subsection.4.2.3}% 27
\BOOKMARK [3][-]{subsubsection.4.2.3.7}{\376\377\0004\000.\0002\000.\0003\000.\0007\000\040\000o\000p\000e\000r\000a\000t\000o\000r\000=\000\050\000\051\000\040\000[\0002\000/\0002\000]}{subsection.4.2.3}% 28
\BOOKMARK [3][-]{subsubsection.4.2.3.8}{\376\377\0004\000.\0002\000.\0003\000.\0008\000\040\000p\000a\000r\000i\000n\000k\000t\000i\000A\000t\000s\000i\000t\000i\000k\000t\000i\000n\000i\000u\000s\000\050\000\051}{subsection.4.2.3}% 29
\BOOKMARK [3][-]{subsubsection.4.2.3.9}{\376\377\0004\000.\0002\000.\0003\000.\0009\000\040\000r\000e\000a\000d\000N\000d\000I\000n\000t\000e\000r\000a\000c\000t\000i\000v\000e\000\050\000\051}{subsection.4.2.3}% 30
\BOOKMARK [3][-]{subsubsection.4.2.3.10}{\376\377\0004\000.\0002\000.\0003\000.\0001\0000\000\040\000r\000e\000a\000d\000S\000t\000u\000d\000e\000n\000t\000\050\000\051}{subsection.4.2.3}% 31
\BOOKMARK [3][-]{subsubsection.4.2.3.11}{\376\377\0004\000.\0002\000.\0003\000.\0001\0001\000\040\000s\000e\000t\000E\000g\000z\000a\000m\000i\000n\000a\000s\000\050\000\051}{subsection.4.2.3}% 32
\BOOKMARK [3][-]{subsubsection.4.2.3.12}{\376\377\0004\000.\0002\000.\0003\000.\0001\0002\000\040\000s\000e\000t\000P\000a\000v\000a\000r\000d\000e\000\050\000\051}{subsection.4.2.3}% 33
\BOOKMARK [3][-]{subsubsection.4.2.3.13}{\376\377\0004\000.\0002\000.\0003\000.\0001\0003\000\040\000s\000e\000t\000V\000a\000r\000d\000a\000s\000\050\000\051}{subsection.4.2.3}% 34
\BOOKMARK [3][-]{subsubsection.4.2.3.14}{\376\377\0004\000.\0002\000.\0003\000.\0001\0004\000\040\000s\000p\000a\000u\000s\000d\000i\000n\000t\000i\000\050\000\051}{subsection.4.2.3}% 35
\BOOKMARK [3][-]{subsubsection.4.2.3.15}{\376\377\0004\000.\0002\000.\0003\000.\0001\0005\000\040\000s\000u\000s\000k\000a\000i\000c\000i\000u\000o\000t\000i\000G\000a\000l\000u\000t\000i\000n\000i\000\050\000\051}{subsection.4.2.3}% 36
\BOOKMARK [2][-]{subsection.4.2.4}{\376\377\0004\000.\0002\000.\0004\000\040\000F\000r\000i\000e\000n\000d\000s\000\040\000A\000n\000d\000\040\000R\000e\000l\000a\000t\000e\000d\000\040\000S\000y\000m\000b\000o\000l\000\040\000D\000o\000c\000u\000m\000e\000n\000t\000a\000t\000i\000o\000n}{section.4.2}% 37
\BOOKMARK [3][-]{subsubsection.4.2.4.1}{\376\377\0004\000.\0002\000.\0004\000.\0001\000\040\000c\000o\000m\000p\000a\000r\000e\000P\000a\000g\000a\000l\000G\000a\000l\000M\000e\000d\000\050\000\051}{subsection.4.2.4}% 38
\BOOKMARK [3][-]{subsubsection.4.2.4.2}{\376\377\0004\000.\0002\000.\0004\000.\0002\000\040\000c\000o\000m\000p\000a\000r\000e\000P\000a\000g\000a\000l\000G\000a\000l\000V\000i\000d\000\050\000\051}{subsection.4.2.4}% 39
\BOOKMARK [3][-]{subsubsection.4.2.4.3}{\376\377\0004\000.\0002\000.\0004\000.\0003\000\040\000c\000o\000m\000p\000a\000r\000e\000P\000a\000g\000a\000l\000P\000a\000v\000a\000r\000d\000e\000\050\000\051}{subsection.4.2.4}% 40
\BOOKMARK [3][-]{subsubsection.4.2.4.4}{\376\377\0004\000.\0002\000.\0004\000.\0004\000\040\000c\000o\000m\000p\000a\000r\000e\000P\000a\000g\000a\000l\000V\000a\000r\000d\000a\000\050\000\051}{subsection.4.2.4}% 41
\BOOKMARK [3][-]{subsubsection.4.2.4.5}{\376\377\0004\000.\0002\000.\0004\000.\0005\000\040\000o\000p\000e\000r\000a\000t\000o\000r\000<\000<\000\050\000\051}{subsection.4.2.4}% 42
\BOOKMARK [3][-]{subsubsection.4.2.4.6}{\376\377\0004\000.\0002\000.\0004\000.\0006\000\040\000o\000p\000e\000r\000a\000t\000o\000r\000>\000>\000\050\000\051}{subsection.4.2.4}% 43
\BOOKMARK [2][-]{subsection.4.2.5}{\376\377\0004\000.\0002\000.\0005\000\040\000M\000e\000m\000b\000e\000r\000\040\000D\000a\000t\000a\000\040\000D\000o\000c\000u\000m\000e\000n\000t\000a\000t\000i\000o\000n}{section.4.2}% 44
\BOOKMARK [3][-]{subsubsection.4.2.5.1}{\376\377\0004\000.\0002\000.\0005\000.\0001\000\040\000e\000g\000z\000a\000m\000i\000n\000a\000s}{subsection.4.2.5}% 45
\BOOKMARK [3][-]{subsubsection.4.2.5.2}{\376\377\0004\000.\0002\000.\0005\000.\0002\000\040\000g\000a\000l\000r\000e\000z\000M\000e\000d}{subsection.4.2.5}% 46
\BOOKMARK [3][-]{subsubsection.4.2.5.3}{\376\377\0004\000.\0002\000.\0005\000.\0003\000\040\000g\000a\000l\000r\000e\000z\000V\000i\000d}{subsection.4.2.5}% 47
\BOOKMARK [3][-]{subsubsection.4.2.5.4}{\376\377\0004\000.\0002\000.\0005\000.\0004\000\040\000n\000d}{subsection.4.2.5}% 48
\BOOKMARK [3][-]{subsubsection.4.2.5.5}{\376\377\0004\000.\0002\000.\0005\000.\0005\000\040\000v\000i\000d\000u\000r\000k\000i\000s}{subsection.4.2.5}% 49
\BOOKMARK [1][-]{section.4.3}{\376\377\0004\000.\0003\000\040\000T\000i\000m\000e\000r\000R\000e\000s\000u\000l\000t\000s\000\040\000S\000t\000r\000u\000c\000t\000\040\000R\000e\000f\000e\000r\000e\000n\000c\000e}{chapter.4}% 50
\BOOKMARK [2][-]{subsection.4.3.1}{\376\377\0004\000.\0003\000.\0001\000\040\000D\000e\000t\000a\000i\000l\000e\000d\000\040\000D\000e\000s\000c\000r\000i\000p\000t\000i\000o\000n}{section.4.3}% 51
\BOOKMARK [2][-]{subsection.4.3.2}{\376\377\0004\000.\0003\000.\0002\000\040\000M\000e\000m\000b\000e\000r\000\040\000D\000a\000t\000a\000\040\000D\000o\000c\000u\000m\000e\000n\000t\000a\000t\000i\000o\000n}{section.4.3}% 52
\BOOKMARK [3][-]{subsubsection.4.3.2.1}{\376\377\0004\000.\0003\000.\0002\000.\0001\000\040\000g\000e\000n\000e\000r\000a\000v\000i\000m\000a\000s}{subsection.4.3.2}% 53
\BOOKMARK [3][-]{subsubsection.4.3.2.2}{\376\377\0004\000.\0003\000.\0002\000.\0002\000\040\000i\000s\000v\000e\000d\000i\000m\000a\000s}{subsection.4.3.2}% 54
\BOOKMARK [3][-]{subsubsection.4.3.2.3}{\376\377\0004\000.\0003\000.\0002\000.\0003\000\040\000r\000u\000s\000i\000a\000v\000i\000m\000a\000s}{subsection.4.3.2}% 55
\BOOKMARK [3][-]{subsubsection.4.3.2.4}{\376\377\0004\000.\0003\000.\0002\000.\0004\000\040\000s\000k\000a\000i\000t\000y\000m\000a\000s}{subsection.4.3.2}% 56
\BOOKMARK [3][-]{subsubsection.4.3.2.5}{\376\377\0004\000.\0003\000.\0002\000.\0005\000\040\000s\000k\000i\000r\000s\000t\000y\000m\000a\000s}{subsection.4.3.2}% 57
\BOOKMARK [1][-]{section.4.4}{\376\377\0004\000.\0004\000\040\000T\000y\000r\000i\000m\000o\000I\000r\000a\000s\000a\000s\000\040\000S\000t\000r\000u\000c\000t\000\040\000R\000e\000f\000e\000r\000e\000n\000c\000e}{chapter.4}% 58
\BOOKMARK [2][-]{subsection.4.4.1}{\376\377\0004\000.\0004\000.\0001\000\040\000D\000e\000t\000a\000i\000l\000e\000d\000\040\000D\000e\000s\000c\000r\000i\000p\000t\000i\000o\000n}{section.4.4}% 59
\BOOKMARK [2][-]{subsection.4.4.2}{\376\377\0004\000.\0004\000.\0002\000\040\000M\000e\000m\000b\000e\000r\000\040\000D\000a\000t\000a\000\040\000D\000o\000c\000u\000m\000e\000n\000t\000a\000t\000i\000o\000n}{section.4.4}% 60
\BOOKMARK [3][-]{subsubsection.4.4.2.1}{\376\377\0004\000.\0004\000.\0002\000.\0001\000\040\000f\000a\000i\000l\000a\000s}{subsection.4.4.2}% 61
\BOOKMARK [3][-]{subsubsection.4.4.2.2}{\376\377\0004\000.\0004\000.\0002\000.\0002\000\040\000i\000r\000a\000s\000u\000K\000i\000e\000k\000i\000s}{subsection.4.4.2}% 62
\BOOKMARK [3][-]{subsubsection.4.4.2.3}{\376\377\0004\000.\0004\000.\0002\000.\0003\000\040\000r\000u\000s\000i\000a\000v\000i\000m\000a\000s}{subsection.4.4.2}% 63
\BOOKMARK [3][-]{subsubsection.4.4.2.4}{\376\377\0004\000.\0004\000.\0002\000.\0004\000\040\000s\000k\000a\000i\000t\000y\000m\000a\000s}{subsection.4.4.2}% 64
\BOOKMARK [3][-]{subsubsection.4.4.2.5}{\376\377\0004\000.\0004\000.\0002\000.\0005\000\040\000s\000k\000i\000r\000s\000t\000y\000m\000a\000s}{subsection.4.4.2}% 65
\BOOKMARK [1][-]{section.4.5}{\376\377\0004\000.\0005\000\040\000Z\000m\000o\000g\000u\000s\000\040\000C\000l\000a\000s\000s\000\040\000R\000e\000f\000e\000r\000e\000n\000c\000e}{chapter.4}% 66
\BOOKMARK [2][-]{subsection.4.5.1}{\376\377\0004\000.\0005\000.\0001\000\040\000D\000e\000t\000a\000i\000l\000e\000d\000\040\000D\000e\000s\000c\000r\000i\000p\000t\000i\000o\000n}{section.4.5}% 67
\BOOKMARK [2][-]{subsection.4.5.2}{\376\377\0004\000.\0005\000.\0002\000\040\000C\000o\000n\000s\000t\000r\000u\000c\000t\000o\000r\000\040\000\046\000\040\000D\000e\000s\000t\000r\000u\000c\000t\000o\000r\000\040\000D\000o\000c\000u\000m\000e\000n\000t\000a\000t\000i\000o\000n}{section.4.5}% 68
\BOOKMARK [3][-]{subsubsection.4.5.2.1}{\376\377\0004\000.\0005\000.\0002\000.\0001\000\040\000Z\000m\000o\000g\000u\000s\000\050\000\051\000\040\000[\0001\000/\0004\000]}{subsection.4.5.2}% 69
\BOOKMARK [3][-]{subsubsection.4.5.2.2}{\376\377\0004\000.\0005\000.\0002\000.\0002\000\040\000Z\000m\000o\000g\000u\000s\000\050\000\051\000\040\000[\0002\000/\0004\000]}{subsection.4.5.2}% 70
\BOOKMARK [3][-]{subsubsection.4.5.2.3}{\376\377\0004\000.\0005\000.\0002\000.\0003\000\040\000Z\000m\000o\000g\000u\000s\000\050\000\051\000\040\000[\0003\000/\0004\000]}{subsection.4.5.2}% 71
\BOOKMARK [3][-]{subsubsection.4.5.2.4}{\376\377\0004\000.\0005\000.\0002\000.\0004\000\040\000Z\000m\000o\000g\000u\000s\000\050\000\051\000\040\000[\0004\000/\0004\000]}{subsection.4.5.2}% 72
\BOOKMARK [3][-]{subsubsection.4.5.2.5}{\376\377\0004\000.\0005\000.\0002\000.\0005\000\040\000~\000Z\000m\000o\000g\000u\000s\000\050\000\051}{subsection.4.5.2}% 73
\BOOKMARK [2][-]{subsection.4.5.3}{\376\377\0004\000.\0005\000.\0003\000\040\000M\000e\000m\000b\000e\000r\000\040\000F\000u\000n\000c\000t\000i\000o\000n\000\040\000D\000o\000c\000u\000m\000e\000n\000t\000a\000t\000i\000o\000n}{section.4.5}% 74
\BOOKMARK [3][-]{subsubsection.4.5.3.1}{\376\377\0004\000.\0005\000.\0003\000.\0001\000\040\000g\000e\000t\000P\000a\000v\000a\000r\000d\000e\000\050\000\051}{subsection.4.5.3}% 75
\BOOKMARK [3][-]{subsubsection.4.5.3.2}{\376\377\0004\000.\0005\000.\0003\000.\0002\000\040\000g\000e\000t\000V\000a\000r\000d\000a\000s\000\050\000\051}{subsection.4.5.3}% 76
\BOOKMARK [3][-]{subsubsection.4.5.3.3}{\376\377\0004\000.\0005\000.\0003\000.\0003\000\040\000o\000p\000e\000r\000a\000t\000o\000r\000=\000\050\000\051\000\040\000[\0001\000/\0002\000]}{subsection.4.5.3}% 77
\BOOKMARK [3][-]{subsubsection.4.5.3.4}{\376\377\0004\000.\0005\000.\0003\000.\0004\000\040\000o\000p\000e\000r\000a\000t\000o\000r\000=\000\050\000\051\000\040\000[\0002\000/\0002\000]}{subsection.4.5.3}% 78
\BOOKMARK [3][-]{subsubsection.4.5.3.5}{\376\377\0004\000.\0005\000.\0003\000.\0005\000\040\000s\000e\000t\000P\000a\000v\000a\000r\000d\000e\000\050\000\051}{subsection.4.5.3}% 79
\BOOKMARK [3][-]{subsubsection.4.5.3.6}{\376\377\0004\000.\0005\000.\0003\000.\0006\000\040\000s\000e\000t\000V\000a\000r\000d\000a\000s\000\050\000\051}{subsection.4.5.3}% 80
\BOOKMARK [3][-]{subsubsection.4.5.3.7}{\376\377\0004\000.\0005\000.\0003\000.\0007\000\040\000s\000p\000a\000u\000s\000d\000i\000n\000t\000i\000\050\000\051}{subsection.4.5.3}% 81
\BOOKMARK [3][-]{subsubsection.4.5.3.8}{\376\377\0004\000.\0005\000.\0003\000.\0008\000\040\000s\000u\000s\000k\000a\000i\000c\000i\000u\000o\000t\000i\000G\000a\000l\000u\000t\000i\000n\000i\000\050\000\051}{subsection.4.5.3}% 82
\BOOKMARK [2][-]{subsection.4.5.4}{\376\377\0004\000.\0005\000.\0004\000\040\000M\000e\000m\000b\000e\000r\000\040\000D\000a\000t\000a\000\040\000D\000o\000c\000u\000m\000e\000n\000t\000a\000t\000i\000o\000n}{section.4.5}% 83
\BOOKMARK [3][-]{subsubsection.4.5.4.1}{\376\377\0004\000.\0005\000.\0004\000.\0001\000\040\000p\000a\000v\000a\000r\000d\000e}{subsection.4.5.4}% 84
\BOOKMARK [3][-]{subsubsection.4.5.4.2}{\376\377\0004\000.\0005\000.\0004\000.\0002\000\040\000v\000a\000r\000d\000a\000s}{subsection.4.5.4}% 85
\BOOKMARK [0][-]{chapter.5}{\376\377\0005\000\040\000F\000i\000l\000e\000\040\000D\000o\000c\000u\000m\000e\000n\000t\000a\000t\000i\000o\000n}{}% 86
\BOOKMARK [1][-]{section.5.1}{\376\377\0005\000.\0001\000\040\000G\000e\000n\000e\000r\000a\000v\000i\000m\000a\000s\000.\000c\000p\000p\000\040\000F\000i\000l\000e\000\040\000R\000e\000f\000e\000r\000e\000n\000c\000e}{chapter.5}% 87
\BOOKMARK [2][-]{subsection.5.1.1}{\376\377\0005\000.\0001\000.\0001\000\040\000F\000u\000n\000c\000t\000i\000o\000n\000\040\000D\000o\000c\000u\000m\000e\000n\000t\000a\000t\000i\000o\000n}{section.5.1}% 88
\BOOKMARK [3][-]{subsubsection.5.1.1.1}{\376\377\0005\000.\0001\000.\0001\000.\0001\000\040\000f\000a\000i\000l\000o\000P\000a\000v\000a\000d\000i\000n\000i\000m\000a\000s\000\050\000\051}{subsection.5.1.1}% 89
\BOOKMARK [3][-]{subsubsection.5.1.1.2}{\376\377\0005\000.\0001\000.\0001\000.\0002\000\040\000g\000a\000l\000i\000m\000a\000s\000P\000a\000v\000a\000d\000i\000n\000i\000m\000a\000s\000\050\000\051}{subsection.5.1.1}% 90
\BOOKMARK [3][-]{subsubsection.5.1.1.3}{\376\377\0005\000.\0001\000.\0001\000.\0003\000\040\000g\000e\000n\000e\000r\000u\000o\000t\000i\000F\000a\000i\000l\000a\000\050\000\051}{subsection.5.1.1}% 91
\BOOKMARK [3][-]{subsubsection.5.1.1.4}{\376\377\0005\000.\0001\000.\0001\000.\0004\000\040\000p\000a\000s\000i\000r\000i\000n\000k\000t\000i\000S\000t\000r\000a\000t\000e\000g\000i\000j\000a\000\050\000\051}{subsection.5.1.1}% 92
\BOOKMARK [3][-]{subsubsection.5.1.1.5}{\376\377\0005\000.\0001\000.\0001\000.\0005\000\040\000s\000k\000i\000r\000s\000t\000y\000m\000a\000s\000G\000r\000u\000p\000e\000s\000\050\000\051}{subsection.5.1.1}% 93
\BOOKMARK [3][-]{subsubsection.5.1.1.6}{\376\377\0005\000.\0001\000.\0001\000.\0006\000\040\000s\000k\000i\000r\000s\000t\000y\000m\000a\000s\000S\000t\000r\000a\000t\000e\000g\000i\000j\000a\0001\000\050\000\051}{subsection.5.1.1}% 94
\BOOKMARK [3][-]{subsubsection.5.1.1.7}{\376\377\0005\000.\0001\000.\0001\000.\0007\000\040\000s\000k\000i\000r\000s\000t\000y\000m\000a\000s\000S\000t\000r\000a\000t\000e\000g\000i\000j\000a\0002\000\050\000\051}{subsection.5.1.1}% 95
\BOOKMARK [3][-]{subsubsection.5.1.1.8}{\376\377\0005\000.\0001\000.\0001\000.\0008\000\040\000s\000k\000i\000r\000s\000t\000y\000m\000a\000s\000S\000t\000r\000a\000t\000e\000g\000i\000j\000a\0003\000\050\000\051}{subsection.5.1.1}% 96
\BOOKMARK [1][-]{section.5.2}{\376\377\0005\000.\0002\000\040\000G\000e\000n\000e\000r\000a\000v\000i\000m\000a\000s\000.\000c\000p\000p}{chapter.5}% 97
\BOOKMARK [1][-]{section.5.3}{\376\377\0005\000.\0003\000\040\000G\000e\000n\000e\000r\000a\000v\000i\000m\000a\000s\000.\000h\000\040\000F\000i\000l\000e\000\040\000R\000e\000f\000e\000r\000e\000n\000c\000e}{chapter.5}% 98
\BOOKMARK [2][-]{subsection.5.3.1}{\376\377\0005\000.\0003\000.\0001\000\040\000D\000e\000t\000a\000i\000l\000e\000d\000\040\000D\000e\000s\000c\000r\000i\000p\000t\000i\000o\000n}{section.5.3}% 99
\BOOKMARK [2][-]{subsection.5.3.2}{\376\377\0005\000.\0003\000.\0002\000\040\000E\000n\000u\000m\000e\000r\000a\000t\000i\000o\000n\000\040\000T\000y\000p\000e\000\040\000D\000o\000c\000u\000m\000e\000n\000t\000a\000t\000i\000o\000n}{section.5.3}% 100
\BOOKMARK [3][-]{subsubsection.5.3.2.1}{\376\377\0005\000.\0003\000.\0002\000.\0001\000\040\000S\000k\000i\000r\000s\000t\000y\000m\000o\000S\000t\000r\000a\000t\000e\000g\000i\000j\000a}{subsection.5.3.2}% 101
\BOOKMARK [2][-]{subsection.5.3.3}{\376\377\0005\000.\0003\000.\0003\000\040\000F\000u\000n\000c\000t\000i\000o\000n\000\040\000D\000o\000c\000u\000m\000e\000n\000t\000a\000t\000i\000o\000n}{section.5.3}% 102
\BOOKMARK [3][-]{subsubsection.5.3.3.1}{\376\377\0005\000.\0003\000.\0003\000.\0001\000\040\000f\000a\000i\000l\000o\000P\000a\000v\000a\000d\000i\000n\000i\000m\000a\000s\000\050\000\051}{subsection.5.3.3}% 103
\BOOKMARK [3][-]{subsubsection.5.3.3.2}{\376\377\0005\000.\0003\000.\0003\000.\0002\000\040\000g\000e\000n\000e\000r\000u\000o\000t\000i\000F\000a\000i\000l\000a\000\050\000\051}{subsection.5.3.3}% 104
\BOOKMARK [3][-]{subsubsection.5.3.3.3}{\376\377\0005\000.\0003\000.\0003\000.\0003\000\040\000p\000a\000s\000i\000r\000i\000n\000k\000t\000i\000S\000t\000r\000a\000t\000e\000g\000i\000j\000a\000\050\000\051}{subsection.5.3.3}% 105
\BOOKMARK [3][-]{subsubsection.5.3.3.4}{\376\377\0005\000.\0003\000.\0003\000.\0004\000\040\000s\000k\000i\000r\000s\000t\000y\000m\000a\000s\000G\000r\000u\000p\000e\000s\000\050\000\051}{subsection.5.3.3}% 106
\BOOKMARK [3][-]{subsubsection.5.3.3.5}{\376\377\0005\000.\0003\000.\0003\000.\0005\000\040\000s\000k\000i\000r\000s\000t\000y\000m\000a\000s\000S\000t\000r\000a\000t\000e\000g\000i\000j\000a\0001\000\050\000\051}{subsection.5.3.3}% 107
\BOOKMARK [3][-]{subsubsection.5.3.3.6}{\376\377\0005\000.\0003\000.\0003\000.\0006\000\040\000s\000k\000i\000r\000s\000t\000y\000m\000a\000s\000S\000t\000r\000a\000t\000e\000g\000i\000j\000a\0002\000\050\000\051}{subsection.5.3.3}% 108
\BOOKMARK [3][-]{subsubsection.5.3.3.7}{\376\377\0005\000.\0003\000.\0003\000.\0007\000\040\000s\000k\000i\000r\000s\000t\000y\000m\000a\000s\000S\000t\000r\000a\000t\000e\000g\000i\000j\000a\0003\000\050\000\051}{subsection.5.3.3}% 109
\BOOKMARK [1][-]{section.5.4}{\376\377\0005\000.\0004\000\040\000G\000e\000n\000e\000r\000a\000v\000i\000m\000a\000s\000.\000h}{chapter.5}% 110
\BOOKMARK [1][-]{section.5.5}{\376\377\0005\000.\0005\000\040\000k\000o\000n\000t\000e\000i\000n\000e\000r\000i\000s\000.\000h\000\040\000F\000i\000l\000e\000\040\000R\000e\000f\000e\000r\000e\000n\000c\000e}{chapter.5}% 111
\BOOKMARK [2][-]{subsection.5.5.1}{\376\377\0005\000.\0005\000.\0001\000\040\000D\000e\000t\000a\000i\000l\000e\000d\000\040\000D\000e\000s\000c\000r\000i\000p\000t\000i\000o\000n}{section.5.5}% 112
\BOOKMARK [2][-]{subsection.5.5.2}{\376\377\0005\000.\0005\000.\0002\000\040\000T\000y\000p\000e\000d\000e\000f\000\040\000D\000o\000c\000u\000m\000e\000n\000t\000a\000t\000i\000o\000n}{section.5.5}% 113
\BOOKMARK [3][-]{subsubsection.5.5.2.1}{\376\377\0005\000.\0005\000.\0002\000.\0001\000\040\000S\000t\000u\000d\000C\000o\000n\000t\000a\000i\000n\000e\000r}{subsection.5.5.2}% 114
\BOOKMARK [3][-]{subsubsection.5.5.2.2}{\376\377\0005\000.\0005\000.\0002\000.\0002\000\040\000S\000t\000u\000d\000e\000n\000t\000u\000K\000o\000n\000t\000e\000i\000n\000e\000r\000i\000s}{subsection.5.5.2}% 115
\BOOKMARK [2][-]{subsection.5.5.3}{\376\377\0005\000.\0005\000.\0003\000\040\000F\000u\000n\000c\000t\000i\000o\000n\000\040\000D\000o\000c\000u\000m\000e\000n\000t\000a\000t\000i\000o\000n}{section.5.5}% 116
\BOOKMARK [3][-]{subsubsection.5.5.3.1}{\376\377\0005\000.\0005\000.\0003\000.\0001\000\040\000a\000k\000t\000y\000v\000a\000u\000s\000K\000o\000n\000t\000e\000i\000n\000e\000r\000i\000o\000P\000a\000v\000a\000d\000i\000n\000i\000m\000a\000s\000\050\000\051}{subsection.5.5.3}% 117
\BOOKMARK [3][-]{subsubsection.5.5.3.2}{\376\377\0005\000.\0005\000.\0003\000.\0002\000\040\000a\000k\000t\000y\000v\000a\000u\000s\000K\000o\000n\000t\000e\000i\000n\000e\000r\000i\000o\000T\000r\000u\000m\000p\000a\000s\000P\000a\000v\000a\000d\000i\000n\000i\000m\000a\000s\000\050\000\051}{subsection.5.5.3}% 118
\BOOKMARK [3][-]{subsubsection.5.5.3.3}{\376\377\0005\000.\0005\000.\0003\000.\0003\000\040\000k\000o\000n\000t\000e\000i\000n\000e\000r\000i\000o\000S\000o\000r\000t\000\050\000\051\000\040\000[\0001\000/\0002\000]}{subsection.5.5.3}% 119
\BOOKMARK [3][-]{subsubsection.5.5.3.4}{\376\377\0005\000.\0005\000.\0003\000.\0004\000\040\000k\000o\000n\000t\000e\000i\000n\000e\000r\000i\000o\000S\000o\000r\000t\000\050\000\051\000\040\000[\0002\000/\0002\000]}{subsection.5.5.3}% 120
\BOOKMARK [1][-]{section.5.6}{\376\377\0005\000.\0006\000\040\000k\000o\000n\000t\000e\000i\000n\000e\000r\000i\000s\000.\000h}{chapter.5}% 121
\BOOKMARK [1][-]{section.5.7}{\376\377\0005\000.\0007\000\040\000l\000a\000i\000k\000a\000i\000.\000c\000p\000p\000\040\000F\000i\000l\000e\000\040\000R\000e\000f\000e\000r\000e\000n\000c\000e}{chapter.5}% 122
\BOOKMARK [2][-]{subsection.5.7.1}{\376\377\0005\000.\0007\000.\0001\000\040\000F\000u\000n\000c\000t\000i\000o\000n\000\040\000D\000o\000c\000u\000m\000e\000n\000t\000a\000t\000i\000o\000n}{section.5.7}% 123
\BOOKMARK [3][-]{subsubsection.5.7.1.1}{\376\377\0005\000.\0007\000.\0001\000.\0001\000\040\000n\000u\000n\000u\000l\000i\000n\000t\000i\000L\000a\000i\000k\000u\000s\000\050\000\051}{subsection.5.7.1}% 124
\BOOKMARK [2][-]{subsection.5.7.2}{\376\377\0005\000.\0007\000.\0002\000\040\000V\000a\000r\000i\000a\000b\000l\000e\000\040\000D\000o\000c\000u\000m\000e\000n\000t\000a\000t\000i\000o\000n}{section.5.7}% 125
\BOOKMARK [3][-]{subsubsection.5.7.2.1}{\376\377\0005\000.\0007\000.\0002\000.\0001\000\040\000t\000i\000m\000e\000r\000s}{subsection.5.7.2}% 126
\BOOKMARK [1][-]{section.5.8}{\376\377\0005\000.\0008\000\040\000l\000a\000i\000k\000a\000i\000.\000c\000p\000p}{chapter.5}% 127
\BOOKMARK [1][-]{section.5.9}{\376\377\0005\000.\0009\000\040\000l\000a\000i\000k\000a\000i\000.\000h\000\040\000F\000i\000l\000e\000\040\000R\000e\000f\000e\000r\000e\000n\000c\000e}{chapter.5}% 128
\BOOKMARK [2][-]{subsection.5.9.1}{\376\377\0005\000.\0009\000.\0001\000\040\000D\000e\000t\000a\000i\000l\000e\000d\000\040\000D\000e\000s\000c\000r\000i\000p\000t\000i\000o\000n}{section.5.9}% 129
\BOOKMARK [2][-]{subsection.5.9.2}{\376\377\0005\000.\0009\000.\0002\000\040\000F\000u\000n\000c\000t\000i\000o\000n\000\040\000D\000o\000c\000u\000m\000e\000n\000t\000a\000t\000i\000o\000n}{section.5.9}% 130
\BOOKMARK [3][-]{subsubsection.5.9.2.1}{\376\377\0005\000.\0009\000.\0002\000.\0001\000\040\000n\000u\000n\000u\000l\000i\000n\000t\000i\000L\000a\000i\000k\000u\000s\000\050\000\051}{subsection.5.9.2}% 131
\BOOKMARK [2][-]{subsection.5.9.3}{\376\377\0005\000.\0009\000.\0003\000\040\000V\000a\000r\000i\000a\000b\000l\000e\000\040\000D\000o\000c\000u\000m\000e\000n\000t\000a\000t\000i\000o\000n}{section.5.9}% 132
\BOOKMARK [3][-]{subsubsection.5.9.3.1}{\376\377\0005\000.\0009\000.\0003\000.\0001\000\040\000t\000i\000m\000e\000r\000s}{subsection.5.9.3}% 133
\BOOKMARK [1][-]{section.5.10}{\376\377\0005\000.\0001\0000\000\040\000l\000a\000i\000k\000a\000i\000.\000h}{chapter.5}% 134
\BOOKMARK [1][-]{section.5.11}{\376\377\0005\000.\0001\0001\000\040\000m\000a\000i\000n\000.\000c\000p\000p\000\040\000F\000i\000l\000e\000\040\000R\000e\000f\000e\000r\000e\000n\000c\000e}{chapter.5}% 135
\BOOKMARK [2][-]{subsection.5.11.1}{\376\377\0005\000.\0001\0001\000.\0001\000\040\000F\000u\000n\000c\000t\000i\000o\000n\000\040\000D\000o\000c\000u\000m\000e\000n\000t\000a\000t\000i\000o\000n}{section.5.11}% 136
\BOOKMARK [3][-]{subsubsection.5.11.1.1}{\376\377\0005\000.\0001\0001\000.\0001\000.\0001\000\040\000m\000a\000i\000n\000\050\000\051}{subsection.5.11.1}% 137
\BOOKMARK [1][-]{section.5.12}{\376\377\0005\000.\0001\0002\000\040\000m\000a\000i\000n\000.\000c\000p\000p}{chapter.5}% 138
\BOOKMARK [1][-]{section.5.13}{\376\377\0005\000.\0001\0003\000\040\000m\000e\000n\000i\000u\000.\000c\000p\000p\000\040\000F\000i\000l\000e\000\040\000R\000e\000f\000e\000r\000e\000n\000c\000e}{chapter.5}% 139
\BOOKMARK [2][-]{subsection.5.13.1}{\376\377\0005\000.\0001\0003\000.\0001\000\040\000F\000u\000n\000c\000t\000i\000o\000n\000\040\000D\000o\000c\000u\000m\000e\000n\000t\000a\000t\000i\000o\000n}{section.5.13}% 140
\BOOKMARK [3][-]{subsubsection.5.13.1.1}{\376\377\0005\000.\0001\0003\000.\0001\000.\0001\000\040\000v\000y\000k\000d\000y\000t\000i\000M\000e\000n\000i\000u\000\050\000\051}{subsection.5.13.1}% 141
\BOOKMARK [1][-]{section.5.14}{\376\377\0005\000.\0001\0004\000\040\000m\000e\000n\000i\000u\000.\000c\000p\000p}{chapter.5}% 142
\BOOKMARK [1][-]{section.5.15}{\376\377\0005\000.\0001\0005\000\040\000m\000e\000n\000i\000u\000.\000h\000\040\000F\000i\000l\000e\000\040\000R\000e\000f\000e\000r\000e\000n\000c\000e}{chapter.5}% 143
\BOOKMARK [2][-]{subsection.5.15.1}{\376\377\0005\000.\0001\0005\000.\0001\000\040\000D\000e\000t\000a\000i\000l\000e\000d\000\040\000D\000e\000s\000c\000r\000i\000p\000t\000i\000o\000n}{section.5.15}% 144
\BOOKMARK [2][-]{subsection.5.15.2}{\376\377\0005\000.\0001\0005\000.\0002\000\040\000F\000u\000n\000c\000t\000i\000o\000n\000\040\000D\000o\000c\000u\000m\000e\000n\000t\000a\000t\000i\000o\000n}{section.5.15}% 145
\BOOKMARK [3][-]{subsubsection.5.15.2.1}{\376\377\0005\000.\0001\0005\000.\0002\000.\0001\000\040\000v\000y\000k\000d\000y\000t\000i\000M\000e\000n\000i\000u\000\050\000\051}{subsection.5.15.2}% 146
\BOOKMARK [1][-]{section.5.16}{\376\377\0005\000.\0001\0006\000\040\000m\000e\000n\000i\000u\000.\000h}{chapter.5}% 147
\BOOKMARK [1][-]{section.5.17}{\376\377\0005\000.\0001\0007\000\040\000s\000k\000a\000i\000t\000y\000m\000a\000s\000.\000c\000p\000p\000\040\000F\000i\000l\000e\000\040\000R\000e\000f\000e\000r\000e\000n\000c\000e}{chapter.5}% 148
\BOOKMARK [2][-]{subsection.5.17.1}{\376\377\0005\000.\0001\0007\000.\0001\000\040\000F\000u\000n\000c\000t\000i\000o\000n\000\040\000D\000o\000c\000u\000m\000e\000n\000t\000a\000t\000i\000o\000n}{section.5.17}% 149
\BOOKMARK [3][-]{subsubsection.5.17.1.1}{\376\377\0005\000.\0001\0007\000.\0001\000.\0001\000\040\000f\000a\000i\000l\000o\000S\000k\000a\000i\000t\000y\000m\000a\000s\000\050\000\051\000\040\000[\0001\000/\0002\000]}{subsection.5.17.1}% 150
\BOOKMARK [3][-]{subsubsection.5.17.1.2}{\376\377\0005\000.\0001\0007\000.\0001\000.\0002\000\040\000f\000a\000i\000l\000o\000S\000k\000a\000i\000t\000y\000m\000a\000s\000\050\000\051\000\040\000[\0002\000/\0002\000]}{subsection.5.17.1}% 151
\BOOKMARK [3][-]{subsubsection.5.17.1.3}{\376\377\0005\000.\0001\0007\000.\0001\000.\0003\000\040\000s\000k\000a\000i\000t\000o\000m\000R\000a\000n\000k\000a\000\050\000\051}{subsection.5.17.1}% 152
\BOOKMARK [3][-]{subsubsection.5.17.1.4}{\376\377\0005\000.\0001\0007\000.\0001\000.\0004\000\040\000s\000u\000s\000k\000a\000i\000c\000i\000u\000o\000t\000i\000G\000a\000l\000u\000t\000i\000n\000i\000u\000s\000\050\000\051}{subsection.5.17.1}% 153
\BOOKMARK [1][-]{section.5.18}{\376\377\0005\000.\0001\0008\000\040\000s\000k\000a\000i\000t\000y\000m\000a\000s\000.\000c\000p\000p}{chapter.5}% 154
\BOOKMARK [1][-]{section.5.19}{\376\377\0005\000.\0001\0009\000\040\000s\000k\000a\000i\000t\000y\000m\000a\000s\000.\000h\000\040\000F\000i\000l\000e\000\040\000R\000e\000f\000e\000r\000e\000n\000c\000e}{chapter.5}% 155
\BOOKMARK [2][-]{subsection.5.19.1}{\376\377\0005\000.\0001\0009\000.\0001\000\040\000D\000e\000t\000a\000i\000l\000e\000d\000\040\000D\000e\000s\000c\000r\000i\000p\000t\000i\000o\000n}{section.5.19}% 156
\BOOKMARK [2][-]{subsection.5.19.2}{\376\377\0005\000.\0001\0009\000.\0002\000\040\000F\000u\000n\000c\000t\000i\000o\000n\000\040\000D\000o\000c\000u\000m\000e\000n\000t\000a\000t\000i\000o\000n}{section.5.19}% 157
\BOOKMARK [3][-]{subsubsection.5.19.2.1}{\376\377\0005\000.\0001\0009\000.\0002\000.\0001\000\040\000f\000a\000i\000l\000o\000S\000k\000a\000i\000t\000y\000m\000a\000s\000\050\000\051\000\040\000[\0001\000/\0002\000]}{subsection.5.19.2}% 158
\BOOKMARK [3][-]{subsubsection.5.19.2.2}{\376\377\0005\000.\0001\0009\000.\0002\000.\0002\000\040\000f\000a\000i\000l\000o\000S\000k\000a\000i\000t\000y\000m\000a\000s\000\050\000\051\000\040\000[\0002\000/\0002\000]}{subsection.5.19.2}% 159
\BOOKMARK [3][-]{subsubsection.5.19.2.3}{\376\377\0005\000.\0001\0009\000.\0002\000.\0003\000\040\000s\000k\000a\000i\000t\000o\000m\000R\000a\000n\000k\000a\000\050\000\051}{subsection.5.19.2}% 160
\BOOKMARK [3][-]{subsubsection.5.19.2.4}{\376\377\0005\000.\0001\0009\000.\0002\000.\0004\000\040\000s\000u\000s\000k\000a\000i\000c\000i\000u\000o\000t\000i\000G\000a\000l\000u\000t\000i\000n\000i\000u\000s\000\050\000\051}{subsection.5.19.2}% 161
\BOOKMARK [1][-]{section.5.20}{\376\377\0005\000.\0002\0000\000\040\000s\000k\000a\000i\000t\000y\000m\000a\000s\000.\000h}{chapter.5}% 162
\BOOKMARK [1][-]{section.5.21}{\376\377\0005\000.\0002\0001\000\040\000s\000p\000a\000u\000s\000d\000i\000n\000a\000m\000.\000c\000p\000p\000\040\000F\000i\000l\000e\000\040\000R\000e\000f\000e\000r\000e\000n\000c\000e}{chapter.5}% 163
\BOOKMARK [2][-]{subsection.5.21.1}{\376\377\0005\000.\0002\0001\000.\0001\000\040\000F\000u\000n\000c\000t\000i\000o\000n\000\040\000D\000o\000c\000u\000m\000e\000n\000t\000a\000t\000i\000o\000n}{section.5.21}% 164
\BOOKMARK [3][-]{subsubsection.5.21.1.1}{\376\377\0005\000.\0002\0001\000.\0001\000.\0001\000\040\000r\000i\000k\000i\000u\000o\000t\000i\000S\000t\000u\000d\000e\000n\000t\000u\000s\000\050\000\051}{subsection.5.21.1}% 165
\BOOKMARK [3][-]{subsubsection.5.21.1.2}{\376\377\0005\000.\0002\0001\000.\0001\000.\0002\000\040\000s\000p\000a\000u\000s\000d\000i\000n\000a\000m\000\050\000\051}{subsection.5.21.1}% 166
\BOOKMARK [3][-]{subsubsection.5.21.1.3}{\376\377\0005\000.\0002\0001\000.\0001\000.\0003\000\040\000s\000u\000r\000i\000k\000i\000u\000o\000t\000i\000P\000a\000g\000a\000l\000G\000a\000l\000u\000t\000i\000n\000i\000V\000i\000d\000\050\000\051}{subsection.5.21.1}% 167
\BOOKMARK [3][-]{subsubsection.5.21.1.4}{\376\377\0005\000.\0002\0001\000.\0001\000.\0004\000\040\000s\000u\000r\000i\000k\000i\000u\000o\000t\000i\000S\000t\000u\000d\000e\000n\000t\000u\000s\000\050\000\051}{subsection.5.21.1}% 168
\BOOKMARK [1][-]{section.5.22}{\376\377\0005\000.\0002\0002\000\040\000s\000p\000a\000u\000s\000d\000i\000n\000a\000m\000.\000c\000p\000p}{chapter.5}% 169
\BOOKMARK [1][-]{section.5.23}{\376\377\0005\000.\0002\0003\000\040\000s\000p\000a\000u\000s\000d\000i\000n\000a\000m\000.\000h\000\040\000F\000i\000l\000e\000\040\000R\000e\000f\000e\000r\000e\000n\000c\000e}{chapter.5}% 170
\BOOKMARK [2][-]{subsection.5.23.1}{\376\377\0005\000.\0002\0003\000.\0001\000\040\000D\000e\000t\000a\000i\000l\000e\000d\000\040\000D\000e\000s\000c\000r\000i\000p\000t\000i\000o\000n}{section.5.23}% 171
\BOOKMARK [2][-]{subsection.5.23.2}{\376\377\0005\000.\0002\0003\000.\0002\000\040\000F\000u\000n\000c\000t\000i\000o\000n\000\040\000D\000o\000c\000u\000m\000e\000n\000t\000a\000t\000i\000o\000n}{section.5.23}% 172
\BOOKMARK [3][-]{subsubsection.5.23.2.1}{\376\377\0005\000.\0002\0003\000.\0002\000.\0001\000\040\000r\000i\000k\000i\000u\000o\000t\000i\000S\000t\000u\000d\000e\000n\000t\000u\000s\000\050\000\051}{subsection.5.23.2}% 173
\BOOKMARK [3][-]{subsubsection.5.23.2.2}{\376\377\0005\000.\0002\0003\000.\0002\000.\0002\000\040\000s\000p\000a\000u\000s\000d\000i\000n\000a\000m\000\050\000\051}{subsection.5.23.2}% 174
\BOOKMARK [3][-]{subsubsection.5.23.2.3}{\376\377\0005\000.\0002\0003\000.\0002\000.\0003\000\040\000s\000u\000r\000i\000k\000i\000u\000o\000t\000i\000P\000a\000g\000a\000l\000G\000a\000l\000u\000t\000i\000n\000i\000V\000i\000d\000\050\000\051}{subsection.5.23.2}% 175
\BOOKMARK [3][-]{subsubsection.5.23.2.4}{\376\377\0005\000.\0002\0003\000.\0002\000.\0004\000\040\000s\000u\000r\000i\000k\000i\000u\000o\000t\000i\000S\000t\000u\000d\000e\000n\000t\000u\000s\000\050\000\051}{subsection.5.23.2}% 176
\BOOKMARK [1][-]{section.5.24}{\376\377\0005\000.\0002\0004\000\040\000s\000p\000a\000u\000s\000d\000i\000n\000a\000m\000.\000h}{chapter.5}% 177
\BOOKMARK [1][-]{section.5.25}{\376\377\0005\000.\0002\0005\000\040\000S\000t\000u\000d\000e\000n\000t\000a\000s\000.\000c\000p\000p\000\040\000F\000i\000l\000e\000\040\000R\000e\000f\000e\000r\000e\000n\000c\000e}{chapter.5}% 178
\BOOKMARK [2][-]{subsection.5.25.1}{\376\377\0005\000.\0002\0005\000.\0001\000\040\000D\000e\000t\000a\000i\000l\000e\000d\000\040\000D\000e\000s\000c\000r\000i\000p\000t\000i\000o\000n}{section.5.25}% 179
\BOOKMARK [2][-]{subsection.5.25.2}{\376\377\0005\000.\0002\0005\000.\0002\000\040\000F\000u\000n\000c\000t\000i\000o\000n\000\040\000D\000o\000c\000u\000m\000e\000n\000t\000a\000t\000i\000o\000n}{section.5.25}% 180
\BOOKMARK [3][-]{subsubsection.5.25.2.1}{\376\377\0005\000.\0002\0005\000.\0002\000.\0001\000\040\000c\000o\000m\000p\000a\000r\000e\000P\000a\000g\000a\000l\000G\000a\000l\000M\000e\000d\000\050\000\051}{subsection.5.25.2}% 181
\BOOKMARK [3][-]{subsubsection.5.25.2.2}{\376\377\0005\000.\0002\0005\000.\0002\000.\0002\000\040\000c\000o\000m\000p\000a\000r\000e\000P\000a\000g\000a\000l\000G\000a\000l\000V\000i\000d\000\050\000\051}{subsection.5.25.2}% 182
\BOOKMARK [3][-]{subsubsection.5.25.2.3}{\376\377\0005\000.\0002\0005\000.\0002\000.\0003\000\040\000c\000o\000m\000p\000a\000r\000e\000P\000a\000g\000a\000l\000P\000a\000v\000a\000r\000d\000e\000\050\000\051}{subsection.5.25.2}% 183
\BOOKMARK [3][-]{subsubsection.5.25.2.4}{\376\377\0005\000.\0002\0005\000.\0002\000.\0004\000\040\000c\000o\000m\000p\000a\000r\000e\000P\000a\000g\000a\000l\000V\000a\000r\000d\000a\000\050\000\051}{subsection.5.25.2}% 184
\BOOKMARK [3][-]{subsubsection.5.25.2.5}{\376\377\0005\000.\0002\0005\000.\0002\000.\0005\000\040\000o\000p\000e\000r\000a\000t\000o\000r\000<\000<\000\050\000\051}{subsection.5.25.2}% 185
\BOOKMARK [3][-]{subsubsection.5.25.2.6}{\376\377\0005\000.\0002\0005\000.\0002\000.\0006\000\040\000o\000p\000e\000r\000a\000t\000o\000r\000>\000>\000\050\000\051}{subsection.5.25.2}% 186
\BOOKMARK [1][-]{section.5.26}{\376\377\0005\000.\0002\0006\000\040\000S\000t\000u\000d\000e\000n\000t\000a\000s\000.\000c\000p\000p}{chapter.5}% 187
\BOOKMARK [1][-]{section.5.27}{\376\377\0005\000.\0002\0007\000\040\000S\000t\000u\000d\000e\000n\000t\000a\000s\000.\000h\000\040\000F\000i\000l\000e\000\040\000R\000e\000f\000e\000r\000e\000n\000c\000e}{chapter.5}% 188
\BOOKMARK [2][-]{subsection.5.27.1}{\376\377\0005\000.\0002\0007\000.\0001\000\040\000D\000e\000t\000a\000i\000l\000e\000d\000\040\000D\000e\000s\000c\000r\000i\000p\000t\000i\000o\000n}{section.5.27}% 189
\BOOKMARK [1][-]{section.5.28}{\376\377\0005\000.\0002\0008\000\040\000S\000t\000u\000d\000e\000n\000t\000a\000s\000.\000h}{chapter.5}% 190
\BOOKMARK [1][-]{section.5.29}{\376\377\0005\000.\0002\0009\000\040\000t\000e\000s\000t\000a\000s\000.\000c\000p\000p\000\040\000F\000i\000l\000e\000\040\000R\000e\000f\000e\000r\000e\000n\000c\000e}{chapter.5}% 191
\BOOKMARK [2][-]{subsection.5.29.1}{\376\377\0005\000.\0002\0009\000.\0001\000\040\000F\000u\000n\000c\000t\000i\000o\000n\000\040\000D\000o\000c\000u\000m\000e\000n\000t\000a\000t\000i\000o\000n}{section.5.29}% 192
\BOOKMARK [3][-]{subsubsection.5.29.1.1}{\376\377\0005\000.\0002\0009\000.\0001\000.\0001\000\040\000t\000e\000s\000t\000u\000o\000t\000i\000A\000b\000s\000t\000r\000a\000k\000t\000u\000m\000a\000\050\000\051}{subsection.5.29.1}% 193
\BOOKMARK [3][-]{subsubsection.5.29.1.2}{\376\377\0005\000.\0002\0009\000.\0001\000.\0002\000\040\000t\000e\000s\000t\000u\000o\000t\000i\000D\000e\000f\000a\000u\000l\000t\000K\000o\000n\000s\000t\000r\000u\000k\000t\000o\000r\000i\000u\000\050\000\051}{subsection.5.29.1}% 194
\BOOKMARK [3][-]{subsubsection.5.29.1.3}{\376\377\0005\000.\0002\0009\000.\0001\000.\0003\000\040\000t\000e\000s\000t\000u\000o\000t\000i\000D\000e\000s\000t\000r\000u\000k\000t\000o\000r\000i\000u\000\050\000\051}{subsection.5.29.1}% 195
\BOOKMARK [3][-]{subsubsection.5.29.1.4}{\376\377\0005\000.\0002\0009\000.\0001\000.\0004\000\040\000t\000e\000s\000t\000u\000o\000t\000i\000I\000s\000t\000r\000e\000a\000m\000O\000p\000e\000r\000a\000t\000o\000r\000i\000u\000\050\000\051}{subsection.5.29.1}% 196
\BOOKMARK [3][-]{subsubsection.5.29.1.5}{\376\377\0005\000.\0002\0009\000.\0001\000.\0005\000\040\000t\000e\000s\000t\000u\000o\000t\000i\000K\000o\000p\000i\000j\000a\000v\000i\000m\000o\000K\000o\000n\000s\000t\000r\000u\000k\000t\000o\000r\000i\000u\000\050\000\051}{subsection.5.29.1}% 197
\BOOKMARK [3][-]{subsubsection.5.29.1.6}{\376\377\0005\000.\0002\0009\000.\0001\000.\0006\000\040\000t\000e\000s\000t\000u\000o\000t\000i\000K\000o\000p\000i\000j\000a\000v\000i\000m\000o\000P\000r\000i\000s\000k\000y\000r\000i\000m\000a\000\050\000\051}{subsection.5.29.1}% 198
\BOOKMARK [3][-]{subsubsection.5.29.1.7}{\376\377\0005\000.\0002\0009\000.\0001\000.\0007\000\040\000t\000e\000s\000t\000u\000o\000t\000i\000O\000s\000t\000r\000e\000a\000m\000O\000p\000e\000r\000a\000t\000o\000r\000i\000u\000\050\000\051}{subsection.5.29.1}% 199
\BOOKMARK [3][-]{subsubsection.5.29.1.8}{\376\377\0005\000.\0002\0009\000.\0001\000.\0008\000\040\000t\000e\000s\000t\000u\000o\000t\000i\000P\000e\000r\000k\000e\000l\000i\000m\000o\000K\000o\000n\000s\000t\000r\000u\000k\000t\000o\000r\000i\000u\000\050\000\051}{subsection.5.29.1}% 200
\BOOKMARK [3][-]{subsubsection.5.29.1.9}{\376\377\0005\000.\0002\0009\000.\0001\000.\0009\000\040\000t\000e\000s\000t\000u\000o\000t\000i\000P\000e\000r\000k\000e\000l\000i\000m\000o\000P\000r\000i\000s\000k\000y\000r\000i\000m\000a\000\050\000\051}{subsection.5.29.1}% 201
\BOOKMARK [3][-]{subsubsection.5.29.1.10}{\376\377\0005\000.\0002\0009\000.\0001\000.\0001\0000\000\040\000t\000e\000s\000t\000u\000o\000t\000i\000S\000r\000a\000u\000t\000i\000n\000i\000K\000o\000n\000s\000t\000r\000u\000k\000t\000o\000r\000i\000u\000\050\000\051}{subsection.5.29.1}% 202
\BOOKMARK [3][-]{subsubsection.5.29.1.11}{\376\377\0005\000.\0002\0009\000.\0001\000.\0001\0001\000\040\000v\000y\000k\000d\000y\000t\000i\000T\000e\000s\000t\000u\000s\000\050\000\051}{subsection.5.29.1}% 203
\BOOKMARK [1][-]{section.5.30}{\376\377\0005\000.\0003\0000\000\040\000t\000e\000s\000t\000a\000s\000.\000c\000p\000p}{chapter.5}% 204
\BOOKMARK [1][-]{section.5.31}{\376\377\0005\000.\0003\0001\000\040\000t\000e\000s\000t\000a\000s\000.\000h\000\040\000F\000i\000l\000e\000\040\000R\000e\000f\000e\000r\000e\000n\000c\000e}{chapter.5}% 205
\BOOKMARK [2][-]{subsection.5.31.1}{\376\377\0005\000.\0003\0001\000.\0001\000\040\000F\000u\000n\000c\000t\000i\000o\000n\000\040\000D\000o\000c\000u\000m\000e\000n\000t\000a\000t\000i\000o\000n}{section.5.31}% 206
\BOOKMARK [3][-]{subsubsection.5.31.1.1}{\376\377\0005\000.\0003\0001\000.\0001\000.\0001\000\040\000v\000y\000k\000d\000y\000t\000i\000T\000e\000s\000t\000u\000s\000\050\000\051}{subsection.5.31.1}% 207
\BOOKMARK [1][-]{section.5.32}{\376\377\0005\000.\0003\0002\000\040\000t\000e\000s\000t\000a\000s\000.\000h}{chapter.5}% 208
\BOOKMARK [1][-]{section.5.33}{\376\377\0005\000.\0003\0003\000\040\000t\000y\000r\000i\000m\000a\000s\000.\000c\000p\000p\000\040\000F\000i\000l\000e\000\040\000R\000e\000f\000e\000r\000e\000n\000c\000e}{chapter.5}% 209
\BOOKMARK [2][-]{subsection.5.33.1}{\376\377\0005\000.\0003\0003\000.\0001\000\040\000F\000u\000n\000c\000t\000i\000o\000n\000\040\000D\000o\000c\000u\000m\000e\000n\000t\000a\000t\000i\000o\000n}{section.5.33}% 210
\BOOKMARK [3][-]{subsubsection.5.33.1.1}{\376\377\0005\000.\0003\0003\000.\0001\000.\0001\000\040\000v\000y\000k\000d\000y\000t\000i\000T\000y\000r\000i\000m\000a\000\050\000\051}{subsection.5.33.1}% 211
\BOOKMARK [1][-]{section.5.34}{\376\377\0005\000.\0003\0004\000\040\000t\000y\000r\000i\000m\000a\000s\000.\000c\000p\000p}{chapter.5}% 212
\BOOKMARK [1][-]{section.5.35}{\376\377\0005\000.\0003\0005\000\040\000t\000y\000r\000i\000m\000a\000s\000.\000h\000\040\000F\000i\000l\000e\000\040\000R\000e\000f\000e\000r\000e\000n\000c\000e}{chapter.5}% 213
\BOOKMARK [2][-]{subsection.5.35.1}{\376\377\0005\000.\0003\0005\000.\0001\000\040\000D\000e\000t\000a\000i\000l\000e\000d\000\040\000D\000e\000s\000c\000r\000i\000p\000t\000i\000o\000n}{section.5.35}% 214
\BOOKMARK [2][-]{subsection.5.35.2}{\376\377\0005\000.\0003\0005\000.\0002\000\040\000F\000u\000n\000c\000t\000i\000o\000n\000\040\000D\000o\000c\000u\000m\000e\000n\000t\000a\000t\000i\000o\000n}{section.5.35}% 215
\BOOKMARK [3][-]{subsubsection.5.35.2.1}{\376\377\0005\000.\0003\0005\000.\0002\000.\0001\000\040\000v\000y\000k\000d\000y\000t\000i\000T\000y\000r\000i\000m\000a\000\050\000\051}{subsection.5.35.2}% 216
\BOOKMARK [1][-]{section.5.36}{\376\377\0005\000.\0003\0006\000\040\000t\000y\000r\000i\000m\000a\000s\000.\000h}{chapter.5}% 217
\BOOKMARK [1][-]{section.5.37}{\376\377\0005\000.\0003\0007\000\040\000u\000n\000i\000t\000\137\000t\000e\000s\000t\000s\000.\000c\000p\000p\000\040\000F\000i\000l\000e\000\040\000R\000e\000f\000e\000r\000e\000n\000c\000e}{chapter.5}% 218
\BOOKMARK [2][-]{subsection.5.37.1}{\376\377\0005\000.\0003\0007\000.\0001\000\040\000D\000e\000t\000a\000i\000l\000e\000d\000\040\000D\000e\000s\000c\000r\000i\000p\000t\000i\000o\000n}{section.5.37}% 219
\BOOKMARK [2][-]{subsection.5.37.2}{\376\377\0005\000.\0003\0007\000.\0002\000\040\000F\000u\000n\000c\000t\000i\000o\000n\000\040\000D\000o\000c\000u\000m\000e\000n\000t\000a\000t\000i\000o\000n}{section.5.37}% 220
\BOOKMARK [3][-]{subsubsection.5.37.2.1}{\376\377\0005\000.\0003\0007\000.\0002\000.\0001\000\040\000m\000a\000i\000n\000\050\000\051}{subsection.5.37.2}% 221
\BOOKMARK [3][-]{subsubsection.5.37.2.2}{\376\377\0005\000.\0003\0007\000.\0002\000.\0002\000\040\000s\000u\000k\000u\000r\000t\000i\000T\000e\000s\000t\000i\000n\000i\000S\000t\000u\000d\000e\000n\000t\000a\000\050\000\051}{subsection.5.37.2}% 222
\BOOKMARK [3][-]{subsubsection.5.37.2.3}{\376\377\0005\000.\0003\0007\000.\0002\000.\0003\000\040\000T\000E\000S\000T\000\050\000\051\000\040\000[\0001\000/\0002\0004\000]}{subsection.5.37.2}% 223
\BOOKMARK [3][-]{subsubsection.5.37.2.4}{\376\377\0005\000.\0003\0007\000.\0002\000.\0004\000\040\000T\000E\000S\000T\000\050\000\051\000\040\000[\0002\000/\0002\0004\000]}{subsection.5.37.2}% 224
\BOOKMARK [3][-]{subsubsection.5.37.2.5}{\376\377\0005\000.\0003\0007\000.\0002\000.\0005\000\040\000T\000E\000S\000T\000\050\000\051\000\040\000[\0003\000/\0002\0004\000]}{subsection.5.37.2}% 225
\BOOKMARK [3][-]{subsubsection.5.37.2.6}{\376\377\0005\000.\0003\0007\000.\0002\000.\0006\000\040\000T\000E\000S\000T\000\050\000\051\000\040\000[\0004\000/\0002\0004\000]}{subsection.5.37.2}% 226
\BOOKMARK [3][-]{subsubsection.5.37.2.7}{\376\377\0005\000.\0003\0007\000.\0002\000.\0007\000\040\000T\000E\000S\000T\000\050\000\051\000\040\000[\0005\000/\0002\0004\000]}{subsection.5.37.2}% 227
\BOOKMARK [3][-]{subsubsection.5.37.2.8}{\376\377\0005\000.\0003\0007\000.\0002\000.\0008\000\040\000T\000E\000S\000T\000\050\000\051\000\040\000[\0006\000/\0002\0004\000]}{subsection.5.37.2}% 228
\BOOKMARK [3][-]{subsubsection.5.37.2.9}{\376\377\0005\000.\0003\0007\000.\0002\000.\0009\000\040\000T\000E\000S\000T\000\050\000\051\000\040\000[\0007\000/\0002\0004\000]}{subsection.5.37.2}% 229
\BOOKMARK [3][-]{subsubsection.5.37.2.10}{\376\377\0005\000.\0003\0007\000.\0002\000.\0001\0000\000\040\000T\000E\000S\000T\000\050\000\051\000\040\000[\0008\000/\0002\0004\000]}{subsection.5.37.2}% 230
\BOOKMARK [3][-]{subsubsection.5.37.2.11}{\376\377\0005\000.\0003\0007\000.\0002\000.\0001\0001\000\040\000T\000E\000S\000T\000\050\000\051\000\040\000[\0009\000/\0002\0004\000]}{subsection.5.37.2}% 231
\BOOKMARK [3][-]{subsubsection.5.37.2.12}{\376\377\0005\000.\0003\0007\000.\0002\000.\0001\0002\000\040\000T\000E\000S\000T\000\050\000\051\000\040\000[\0001\0000\000/\0002\0004\000]}{subsection.5.37.2}% 232
\BOOKMARK [3][-]{subsubsection.5.37.2.13}{\376\377\0005\000.\0003\0007\000.\0002\000.\0001\0003\000\040\000T\000E\000S\000T\000\050\000\051\000\040\000[\0001\0001\000/\0002\0004\000]}{subsection.5.37.2}% 233
\BOOKMARK [3][-]{subsubsection.5.37.2.14}{\376\377\0005\000.\0003\0007\000.\0002\000.\0001\0004\000\040\000T\000E\000S\000T\000\050\000\051\000\040\000[\0001\0002\000/\0002\0004\000]}{subsection.5.37.2}% 234
\BOOKMARK [3][-]{subsubsection.5.37.2.15}{\376\377\0005\000.\0003\0007\000.\0002\000.\0001\0005\000\040\000T\000E\000S\000T\000\050\000\051\000\040\000[\0001\0003\000/\0002\0004\000]}{subsection.5.37.2}% 235
\BOOKMARK [3][-]{subsubsection.5.37.2.16}{\376\377\0005\000.\0003\0007\000.\0002\000.\0001\0006\000\040\000T\000E\000S\000T\000\050\000\051\000\040\000[\0001\0004\000/\0002\0004\000]}{subsection.5.37.2}% 236
\BOOKMARK [3][-]{subsubsection.5.37.2.17}{\376\377\0005\000.\0003\0007\000.\0002\000.\0001\0007\000\040\000T\000E\000S\000T\000\050\000\051\000\040\000[\0001\0005\000/\0002\0004\000]}{subsection.5.37.2}% 237
\BOOKMARK [3][-]{subsubsection.5.37.2.18}{\376\377\0005\000.\0003\0007\000.\0002\000.\0001\0008\000\040\000T\000E\000S\000T\000\050\000\051\000\040\000[\0001\0006\000/\0002\0004\000]}{subsection.5.37.2}% 238
\BOOKMARK [3][-]{subsubsection.5.37.2.19}{\376\377\0005\000.\0003\0007\000.\0002\000.\0001\0009\000\040\000T\000E\000S\000T\000\050\000\051\000\040\000[\0001\0007\000/\0002\0004\000]}{subsection.5.37.2}% 239
\BOOKMARK [3][-]{subsubsection.5.37.2.20}{\376\377\0005\000.\0003\0007\000.\0002\000.\0002\0000\000\040\000T\000E\000S\000T\000\050\000\051\000\040\000[\0001\0008\000/\0002\0004\000]}{subsection.5.37.2}% 240
\BOOKMARK [3][-]{subsubsection.5.37.2.21}{\376\377\0005\000.\0003\0007\000.\0002\000.\0002\0001\000\040\000T\000E\000S\000T\000\050\000\051\000\040\000[\0001\0009\000/\0002\0004\000]}{subsection.5.37.2}% 241
\BOOKMARK [3][-]{subsubsection.5.37.2.22}{\376\377\0005\000.\0003\0007\000.\0002\000.\0002\0002\000\040\000T\000E\000S\000T\000\050\000\051\000\040\000[\0002\0000\000/\0002\0004\000]}{subsection.5.37.2}% 242
\BOOKMARK [3][-]{subsubsection.5.37.2.23}{\376\377\0005\000.\0003\0007\000.\0002\000.\0002\0003\000\040\000T\000E\000S\000T\000\050\000\051\000\040\000[\0002\0001\000/\0002\0004\000]}{subsection.5.37.2}% 243
\BOOKMARK [3][-]{subsubsection.5.37.2.24}{\376\377\0005\000.\0003\0007\000.\0002\000.\0002\0004\000\040\000T\000E\000S\000T\000\050\000\051\000\040\000[\0002\0002\000/\0002\0004\000]}{subsection.5.37.2}% 244
\BOOKMARK [3][-]{subsubsection.5.37.2.25}{\376\377\0005\000.\0003\0007\000.\0002\000.\0002\0005\000\040\000T\000E\000S\000T\000\050\000\051\000\040\000[\0002\0003\000/\0002\0004\000]}{subsection.5.37.2}% 245
\BOOKMARK [3][-]{subsubsection.5.37.2.26}{\376\377\0005\000.\0003\0007\000.\0002\000.\0002\0006\000\040\000T\000E\000S\000T\000\050\000\051\000\040\000[\0002\0004\000/\0002\0004\000]}{subsection.5.37.2}% 246
\BOOKMARK [1][-]{section.5.38}{\376\377\0005\000.\0003\0008\000\040\000u\000n\000i\000t\000\137\000t\000e\000s\000t\000s\000.\000c\000p\000p}{chapter.5}% 247
\BOOKMARK [1][-]{section.5.39}{\376\377\0005\000.\0003\0009\000\040\000Z\000m\000o\000g\000u\000s\000.\000c\000p\000p\000\040\000F\000i\000l\000e\000\040\000R\000e\000f\000e\000r\000e\000n\000c\000e}{chapter.5}% 248
\BOOKMARK [1][-]{section.5.40}{\376\377\0005\000.\0004\0000\000\040\000Z\000m\000o\000g\000u\000s\000.\000c\000p\000p}{chapter.5}% 249
\BOOKMARK [1][-]{section.5.41}{\376\377\0005\000.\0004\0001\000\040\000Z\000m\000o\000g\000u\000s\000.\000h\000\040\000F\000i\000l\000e\000\040\000R\000e\000f\000e\000r\000e\000n\000c\000e}{chapter.5}% 250
\BOOKMARK [2][-]{subsection.5.41.1}{\376\377\0005\000.\0004\0001\000.\0001\000\040\000D\000e\000t\000a\000i\000l\000e\000d\000\040\000D\000e\000s\000c\000r\000i\000p\000t\000i\000o\000n}{section.5.41}% 251
\BOOKMARK [1][-]{section.5.42}{\376\377\0005\000.\0004\0002\000\040\000Z\000m\000o\000g\000u\000s\000.\000h}{chapter.5}% 252
